// Jest Snapshot v1, https://goo.gl/fbAQLP

exports[`Movies list unit tests Render movies list 1`] = `
<div
  className="catalog__movies-list"
>
  <article
    className="small-movie-card catalog__movies-card"
    onMouseEnter={[Function]}
  >
    <div
      className="small-movie-card__image"
    >
      <img
        alt="Fantastic Beasts: The Crimes of Grindelwald"
        height="175"
        src="https://upload.wikimedia.org/wikipedia/commons/f/f6/70mm_film_print_with_DTS_sound.jpg"
        width="280"
      />
    </div>
    <h3
      className="small-movie-card__title"
    >
      <a
        className="small-movie-card__link"
        href="movie-page.html"
        onClick={[Function]}
      >
        Fantastic Beasts: The Crimes of Grindelwald
      </a>
    </h3>
  </article>
  <article
    className="small-movie-card catalog__movies-card"
    onMouseEnter={[Function]}
  >
    <div
      className="small-movie-card__image"
    >
      <img
        alt="Bohemian Rhapsody"
        height="175"
        src="https://upload.wikimedia.org/wikipedia/commons/f/f6/70mm_film_print_with_DTS_sound.jpg"
        width="280"
      />
    </div>
    <h3
      className="small-movie-card__title"
    >
      <a
        className="small-movie-card__link"
        href="movie-page.html"
        onClick={[Function]}
      >
        Bohemian Rhapsody
      </a>
    </h3>
  </article>
  <article
    className="small-movie-card catalog__movies-card"
    onMouseEnter={[Function]}
  >
    <div
      className="small-movie-card__image"
    >
      <img
        alt="Macbeth"
        height="175"
        src="https://upload.wikimedia.org/wikipedia/commons/f/f6/70mm_film_print_with_DTS_sound.jpg"
        width="280"
      />
    </div>
    <h3
      className="small-movie-card__title"
    >
      <a
        className="small-movie-card__link"
        href="movie-page.html"
        onClick={[Function]}
      >
        Macbeth
      </a>
    </h3>
  </article>
</div>
`;
