// Jest Snapshot v1, https://goo.gl/fbAQLP

exports[`Movies list unit tests Render movies list 1`] = `
<article
  className="small-movie-card catalog__movies-card"
  onMouseEnter={[Function]}
  onMouseLeave={[Function]}
>
  <div
    className="small-movie-card__image"
  >
    <video
      poster="https://upload.wikimedia.org/wikipedia/commons/f/f6/70mm_film_print_with_DTS_sound.jpg"
      type="video/mp4"
    >
      Sorry, your browser doesnt support embedded videos.
    </video>
  </div>
  <h3
    className="small-movie-card__title"
  >
    <a
      className="small-movie-card__link"
      href="movie-page.html"
      onClick={[Function]}
    >
      Fantastic Beasts: The Crimes of Grindelwald
    </a>
  </h3>
</article>
`;
